// Jest Snapshot v1, https://goo.gl/fbAQLP

exports[`Navbar Tests Renders the navbar 1`] = `
<div>
  <nav
    class="navbar navbar-expand-lg navbar-light"
  >
    <span
      class="navbar-brand"
    >
      Todo
    </span>
    <button
      aria-controls="navbar"
      aria-label="Toggle navigation"
      class="navbar-toggler collapsed"
      type="button"
    >
      <span
        class="navbar-toggler-icon"
      />
    </button>
    <div
      class="navbar-collapse collapse"
      id="navbar"
    >
      <div
        class="mr-auto navbar-nav"
      >
        <a
          class="active nav-link"
          data-rb-event-key="/"
          href="/"
          id="nav-home"
        >
          Home
        </a>
        <div
          class="nav-item dropdown"
        >
          <a
            aria-expanded="false"
            aria-haspopup="true"
            class="dropdown-toggle nav-link"
            href="#"
            id="create-dropdown"
            role="button"
          >
            Create
          </a>
        </div>
      </div>
    </div>
  </nav>
</div>
`;
